../Core/Inc/protocol.h:39:23:calc_checksum	24	static
../Core/Inc/packet_parser.h:13:20:parser_init	16	static
../Core/Inc/packet_parser.h:21:19:parser_feed	16	static
../Core/Src/main.c:69:5:main	16	static
../Core/Src/main.c:118:6:SystemClock_Config	88	static
../Core/Src/main.c:160:13:MX_USART2_UART_Init	8	static
../Core/Src/main.c:193:13:MX_GPIO_Init	32	static
../Core/Src/main.c:219:13:send_ack	24	static
../Core/Src/main.c:232:13:process_packet	16	static
../Core/Src/main.c:250:6:HAL_UART_RxCpltCallback	24	static
../Core/Src/main.c:265:6:Error_Handler	4	static,ignoring_inline_asm
