rm -rf ./Drivers/CMSIS/DSP/Examples/ARM/arm_class_marks_example/RTE/Device/ARMCM0/startup_ARMCM0.cyclo ./Drivers/CMSIS/DSP/Examples/ARM/arm_class_marks_example/RTE/Device/ARMCM0/startup_ARMCM0.d ./Drivers/CMSIS/DSP/Examples/ARM/arm_class_marks_example/RTE/Device/ARMCM0/startup_ARMCM0.o ./Drivers/CMSIS/DSP/Examples/ARM/arm_class_marks_example/RTE/Device/ARMCM0/startup_ARMCM0.su ./Drivers/CMSIS/DSP/Examples/ARM/arm_class_marks_example/RTE/Device/ARMCM0/system_ARMCM0.cyclo ./Drivers/CMSIS/DSP/Examples/ARM/arm_class_marks_example/RTE/Device/ARMCM0/system_ARMCM0.d ./Drivers/CMSIS/DSP/Examples/ARM/arm_class_marks_example/RTE/Device/ARMCM0/system_ARMCM0.o ./Drivers/CMSIS/DSP/Examples/ARM/arm_class_marks_example/RTE/Device/ARMCM0/system_ARMCM0.su
rm -rf ./Drivers/CMSIS/DSP/Examples/ARM/arm_class_marks_example/arm_class_marks_example_f32.cyclo ./Drivers/CMSIS/DSP/Examples/ARM/arm_class_marks_example/arm_class_marks_example_f32.d ./Drivers/CMSIS/DSP/Examples/ARM/arm_class_marks_example/arm_class_marks_example_f32.o ./Drivers/CMSIS/DSP/Examples/ARM/arm_class_marks_example/arm_class_marks_example_f32.su
rm -rf ./Drivers/CMSIS/DSP/Examples/ARM/arm_bayes_example/RTE/Device/ARMCM7_SP/startup_ARMCM7.cyclo ./Drivers/CMSIS/DSP/Examples/ARM/arm_bayes_example/RTE/Device/ARMCM7_SP/startup_ARMCM7.d ./Drivers/CMSIS/DSP/Examples/ARM/arm_bayes_example/RTE/Device/ARMCM7_SP/startup_ARMCM7.o ./Drivers/CMSIS/DSP/Examples/ARM/arm_bayes_example/RTE/Device/ARMCM7_SP/startup_ARMCM7.su ./Drivers/CMSIS/DSP/Examples/ARM/arm_bayes_example/RTE/Device/ARMCM7_SP/system_ARMCM7.cyclo ./Drivers/CMSIS/DSP/Examples/ARM/arm_bayes_example/RTE/Device/ARMCM7_SP/system_ARMCM7.d ./Drivers/CMSIS/DSP/Examples/ARM/arm_bayes_example/RTE/Device/ARMCM7_SP/system_ARMCM7.o ./Drivers/CMSIS/DSP/Examples/ARM/arm_bayes_example/RTE/Device/ARMCM7_SP/system_ARMCM7.su
rm -rf ./Drivers/CMSIS/DSP/Examples/ARM/arm_bayes_example/RTE/Device/ARMCM55/startup_ARMCM55.cyclo ./Drivers/CMSIS/DSP/Examples/ARM/arm_bayes_example/RTE/Device/ARMCM55/startup_ARMCM55.d ./Drivers/CMSIS/DSP/Examples/ARM/arm_bayes_example/RTE/Device/ARMCM55/startup_ARMCM55.o ./Drivers/CMSIS/DSP/Examples/ARM/arm_bayes_example/RTE/Device/ARMCM55/startup_ARMCM55.su ./Drivers/CMSIS/DSP/Examples/ARM/arm_bayes_example/RTE/Device/ARMCM55/system_ARMCM55.cyclo ./Drivers/CMSIS/DSP/Examples/ARM/arm_bayes_example/RTE/Device/ARMCM55/system_ARMCM55.d ./Drivers/CMSIS/DSP/Examples/ARM/arm_bayes_example/RTE/Device/ARMCM55/system_ARMCM55.o ./Drivers/CMSIS/DSP/Examples/ARM/arm_bayes_example/RTE/Device/ARMCM55/system_ARMCM55.su
rm -rf ./Drivers/CMSIS/DSP/Examples/ARM/arm_bayes_example/RTE/Device/ARMCM4_FP/startup_ARMCM4.cyclo ./Drivers/CMSIS/DSP/Examples/ARM/arm_bayes_example/RTE/Device/ARMCM4_FP/startup_ARMCM4.d ./Drivers/CMSIS/DSP/Examples/ARM/arm_bayes_example/RTE/Device/ARMCM4_FP/startup_ARMCM4.o ./Drivers/CMSIS/DSP/Examples/ARM/arm_bayes_example/RTE/Device/ARMCM4_FP/startup_ARMCM4.su ./Drivers/CMSIS/DSP/Examples/ARM/arm_bayes_example/RTE/Device/ARMCM4_FP/system_ARMCM4.cyclo ./Drivers/CMSIS/DSP/Examples/ARM/arm_bayes_example/RTE/Device/ARMCM4_FP/system_ARMCM4.d ./Drivers/CMSIS/DSP/Examples/ARM/arm_bayes_example/RTE/Device/ARMCM4_FP/system_ARMCM4.o ./Drivers/CMSIS/DSP/Examples/ARM/arm_bayes_example/RTE/Device/ARMCM4_FP/system_ARMCM4.su
rm -rf ./Drivers/CMSIS/DSP/Examples/ARM/arm_bayes_example/RTE/Device/ARMCM3/startup_ARMCM3.cyclo ./Drivers/CMSIS/DSP/Examples/ARM/arm_bayes_example/RTE/Device/ARMCM3/startup_ARMCM3.d ./Drivers/CMSIS/DSP/Examples/ARM/arm_bayes_example/RTE/Device/ARMCM3/startup_ARMCM3.o ./Drivers/CMSIS/DSP/Examples/ARM/arm_bayes_example/RTE/Device/ARMCM3/startup_ARMCM3.su ./Drivers/CMSIS/DSP/Examples/ARM/arm_bayes_example/RTE/Device/ARMCM3/system_ARMCM3.cyclo ./Drivers/CMSIS/DSP/Examples/ARM/arm_bayes_example/RTE/Device/ARMCM3/system_ARMCM3.d ./Drivers/CMSIS/DSP/Examples/ARM/arm_bayes_example/RTE/Device/ARMCM3/system_ARMCM3.o ./Drivers/CMSIS/DSP/Examples/ARM/arm_bayes_example/RTE/Device/ARMCM3/system_ARMCM3.su
rm -rf ./Drivers/CMSIS/DSP/Examples/ARM/arm_bayes_example/RTE/Device/ARMCM0/startup_ARMCM0.cyclo ./Drivers/CMSIS/DSP/Examples/ARM/arm_bayes_example/RTE/Device/ARMCM0/startup_ARMCM0.d ./Drivers/CMSIS/DSP/Examples/ARM/arm_bayes_example/RTE/Device/ARMCM0/startup_ARMCM0.o ./Drivers/CMSIS/DSP/Examples/ARM/arm_bayes_example/RTE/Device/ARMCM0/startup_ARMCM0.su ./Drivers/CMSIS/DSP/Examples/ARM/arm_bayes_example/RTE/Device/ARMCM0/system_ARMCM0.cyclo ./Drivers/CMSIS/DSP/Examples/ARM/arm_bayes_example/RTE/Device/ARMCM0/system_ARMCM0.d ./Drivers/CMSIS/DSP/Examples/ARM/arm_bayes_example/RTE/Device/ARMCM0/system_ARMCM0.o ./Drivers/CMSIS/DSP/Examples/ARM/arm_bayes_example/RTE/Device/ARMCM0/system_ARMCM0.su
rm -rf ./Drivers/CMSIS/DSP/Examples/ARM/arm_bayes_example/arm_bayes_example_f32.cyclo ./Drivers/CMSIS/DSP/Examples/ARM/arm_bayes_example/arm_bayes_example_f32.d ./Drivers/CMSIS/DSP/Examples/ARM/arm_bayes_example/arm_bayes_example_f32.o ./Drivers/CMSIS/DSP/Examples/ARM/arm_bayes_example/arm_bayes_example_f32.su
rm -rf ./Drivers/CMSIS/DSP/ComputeLibrary/Source/arm_cl_tables.cyclo ./Drivers/CMSIS/DSP/ComputeLibrary/Source/arm_cl_tables.d ./Drivers/CMSIS/DSP/ComputeLibrary/Source/arm_cl_tables.o ./Drivers/CMSIS/DSP/ComputeLibrary/Source/arm_cl_tables.su
rm -rf ./Drivers/CMSIS/DAP/Firmware/Source/DAP.cyclo ./Drivers/CMSIS/DAP/Firmware/Source/DAP.d ./Drivers/CMSIS/DAP/Firmware/Source/DAP.o ./Drivers/CMSIS/DAP/Firmware/Source/DAP.su ./Drivers/CMSIS/DAP/Firmware/Source/DAP_vendor.cyclo ./Drivers/CMSIS/DAP/Firmware/Source/DAP_vendor.d ./Drivers/CMSIS/DAP/Firmware/Source/DAP_vendor.o ./Drivers/CMSIS/DAP/Firmware/Source/DAP_vendor.su ./Drivers/CMSIS/DAP/Firmware/Source/JTAG_DP.cyclo ./Drivers/CMSIS/DAP/Firmware/Source/JTAG_DP.d ./Drivers/CMSIS/DAP/Firmware/Source/JTAG_DP.o ./Drivers/CMSIS/DAP/Firmware/Source/JTAG_DP.su ./Drivers/CMSIS/DAP/Firmware/Source/SWO.cyclo ./Drivers/CMSIS/DAP/Firmware/Source/SWO.d ./Drivers/CMSIS/DAP/Firmware/Source/SWO.o ./Drivers/CMSIS/DAP/Firmware/Source/SWO.su ./Drivers/CMSIS/DAP/Firmware/Source/SW_DP.cyclo ./Drivers/CMSIS/DAP/Firmware/Source/SW_DP.d ./Drivers/CMSIS/DAP/Firmware/Source/SW_DP.o ./Drivers/CMSIS/DAP/Firmware/Source/SW_DP.su ./Drivers/CMSIS/DAP/Firmware/Source/UART.cyclo ./Drivers/CMSIS/DAP/Firmware/Source/UART.d ./Drivers/CMSIS/DAP/Firmware/Source/UART.o ./Drivers/CMSIS/DAP/Firmware/Source/UART.su
rm -rf ./Drivers/CMSIS/Core_A/Source/irq_ctrl_gic.cyclo ./Drivers/CMSIS/Core_A/Source/irq_ctrl_gic.d ./Drivers/CMSIS/Core_A/Source/irq_ctrl_gic.o ./Drivers/CMSIS/Core_A/Source/irq_ctrl_gic.su
rm -rf ./Drivers/CMSIS/Core/Template/ARMv8-M/main_s.cyclo ./Drivers/CMSIS/Core/Template/ARMv8-M/main_s.d ./Drivers/CMSIS/Core/Template/ARMv8-M/main_s.o ./Drivers/CMSIS/Core/Template/ARMv8-M/main_s.su ./Drivers/CMSIS/Core/Template/ARMv8-M/tz_context.cyclo ./Drivers/CMSIS/Core/Template/ARMv8-M/tz_context.d ./Drivers/CMSIS/Core/Template/ARMv8-M/tz_context.o ./Drivers/CMSIS/Core/Template/ARMv8-M/tz_context.su
rm -rf ./Core/Startup/startup_stm32f446retx.d ./Core/Startup/startup_stm32f446retx.o
rm -rf ./Core/Src/main.cyclo ./Core/Src/main.d ./Core/Src/main.o ./Core/Src/main.su ./Core/Src/stm32f4xx_hal_msp.cyclo ./Core/Src/stm32f4xx_hal_msp.d ./Core/Src/stm32f4xx_hal_msp.o ./Core/Src/stm32f4xx_hal_msp.su ./Core/Src/stm32f4xx_it.cyclo ./Core/Src/stm32f4xx_it.d ./Core/Src/stm32f4xx_it.o ./Core/Src/stm32f4xx_it.su ./Core/Src/syscalls.cyclo ./Core/Src/syscalls.d ./Core/Src/syscalls.o ./Core/Src/syscalls.su ./Core/Src/sysmem.cyclo ./Core/Src/sysmem.d ./Core/Src/sysmem.o ./Core/Src/sysmem.su ./Core/Src/system_stm32f4xx.cyclo ./Core/Src/system_stm32f4xx.d ./Core/Src/system_stm32f4xx.o ./Core/Src/system_stm32f4xx.su
rm -rf UART_Echo.elf UART_Echo.list UART_Echo.map default.size.stdout
 

17:53:20 Build Finished. 0 errors, 0 warnings. (took 631ms)

17:53:21 **** Incremental Build of configuration Debug for project UART_Echo ****
make -j7 all 
arm-none-eabi-gcc "../Drivers/STM32F4xx_HAL_Driver/Src/stm32f4xx_hal.c" -mcpu=cortex-m4 -std=gnu11 -g3 -DDEBUG -DUSE_HAL_DRIVER -DSTM32F446xx -c -I../Core/Inc -I../Drivers/STM32F4xx_HAL_Driver/Inc -I../Drivers/STM32F4xx_HAL_Driver/Inc/Legacy -I../Drivers/CMSIS/Device/ST/STM32F4xx/Include -I../Drivers/CMSIS/Include -O0 -ffunction-sections -fdata-sections -Wall -fstack-usage -fcyclomatic-complexity -MMD -MP -MF"Drivers/STM32F4xx_HAL_Driver/Src/stm32f4xx_hal.d" -MT"Drivers/STM32F4xx_HAL_Driver/Src/stm32f4xx_hal.o" --specs=nano.specs -mfpu=fpv4-sp-d16 -mfloat-abi=hard -mthumb -o "Drivers/STM32F4xx_HAL_Driver/Src/stm32f4xx_hal.o"
arm-none-eabi-gcc "../Drivers/STM32F4xx_HAL_Driver/Src/stm32f4xx_hal_cortex.c" -mcpu=cortex-m4 -std=gnu11 -g3 -DDEBUG -DUSE_HAL_DRIVER -DSTM32F446xx -c -I../Core/Inc -I../Drivers/STM32F4xx_HAL_Driver/Inc -I../Drivers/STM32F4xx_HAL_Driver/Inc/Legacy -I../Drivers/CMSIS/Device/ST/STM32F4xx/Include -I../Drivers/CMSIS/Include -O0 -ffunction-sections -fdata-sections -Wall -fstack-usage -fcyclomatic-complexity -MMD -MP -MF"Drivers/STM32F4xx_HAL_Driver/Src/stm32f4xx_hal_cortex.d" -MT"Drivers/STM32F4xx_HAL_Driver/Src/stm32f4xx_hal_cortex.o" --specs=nano.specs -mfpu=fpv4-sp-d16 -mfloat-abi=hard -mthumb -o "Drivers/STM32F4xx_HAL_Driver/Src/stm32f4xx_hal_cortex.o"
arm-none-eabi-gcc "../Drivers/STM32F4xx_HAL_Driver/Src/stm32f4xx_hal_dma.c" -mcpu=cortex-m4 -std=gnu11 -g3 -DDEBUG -DUSE_HAL_DRIVER -DSTM32F446xx -c -I../Core/Inc -I../Drivers/STM32F4xx_HAL_Driver/Inc -I../Drivers/STM32F4xx_HAL_Driver/Inc/Legacy -I../Drivers/CMSIS/Device/ST/STM32F4xx/Include -I../Drivers/CMSIS/Include -O0 -ffunction-sections -fdata-sections -Wall -fstack-usage -fcyclomatic-complexity -MMD -MP -MF"Drivers/STM32F4xx_HAL_Driver/Src/stm32f4xx_hal_dma.d" -MT"Drivers/STM32F4xx_HAL_Driver/Src/stm32f4xx_hal_dma.o" --specs=nano.specs -mfpu=fpv4-sp-d16 -mfloat-abi=hard -mthumb -o "Drivers/STM32F4xx_HAL_Driver/Src/stm32f4xx_hal_dma.o"
arm-none-eabi-gcc "../Drivers/STM32F4xx_HAL_Driver/Src/stm32f4xx_hal_dma_ex.c" -mcpu=cortex-m4 -std=gnu11 -g3 -DDEBUG -DUSE_HAL_DRIVER -DSTM32F446xx -c -I../Core/Inc -I../Drivers/STM32F4xx_HAL_Driver/Inc -I../Drivers/STM32F4xx_HAL_Driver/Inc/Legacy -I../Drivers/CMSIS/Device/ST/STM32F4xx/Include -I../Drivers/CMSIS/Include -O0 -ffunction-sections -fdata-sections -Wall -fstack-usage -fcyclomatic-complexity -MMD -MP -MF"Drivers/STM32F4xx_HAL_Driver/Src/stm32f4xx_hal_dma_ex.d" -MT"Drivers/STM32F4xx_HAL_Driver/Src/stm32f4xx_hal_dma_ex.o" --specs=nano.specs -mfpu=fpv4-sp-d16 -mfloat-abi=hard -mthumb -o "Drivers/STM32F4xx_HAL_Driver/Src/stm32f4xx_hal_dma_ex.o"
arm-none-eabi-gcc "../Drivers/STM32F4xx_HAL_Driver/Src/stm32f4xx_hal_exti.c" -mcpu=cortex-m4 -std=gnu11 -g3 -DDEBUG -DUSE_HAL_DRIVER -DSTM32F446xx -c -I../Core/Inc -I../Drivers/STM32F4xx_HAL_Driver/Inc -I../Drivers/STM32F4xx_HAL_Driver/Inc/Legacy -I../Drivers/CMSIS/Device/ST/STM32F4xx/Include -I../Drivers/CMSIS/Include -O0 -ffunction-sections -fdata-sections -Wall -fstack-usage -fcyclomatic-complexity -MMD -MP -MF"Drivers/STM32F4xx_HAL_Driver/Src/stm32f4xx_hal_exti.d" -MT"Drivers/STM32F4xx_HAL_Driver/Src/stm32f4xx_hal_exti.o" --specs=nano.specs -mfpu=fpv4-sp-d16 -mfloat-abi=hard -mthumb -o "Drivers/STM32F4xx_HAL_Driver/Src/stm32f4xx_hal_exti.o"
arm-none-eabi-gcc "../Drivers/STM32F4xx_HAL_Driver/Src/stm32f4xx_hal_flash.c" -mcpu=cortex-m4 -std=gnu11 -g3 -DDEBUG -DUSE_HAL_DRIVER -DSTM32F446xx -c -I../Core/Inc -I../Drivers/STM32F4xx_HAL_Driver/Inc -I../Drivers/STM32F4xx_HAL_Driver/Inc/Legacy -I../Drivers/CMSIS/Device/ST/STM32F4xx/Include -I../Drivers/CMSIS/Include -O0 -ffunction-sections -fdata-sections -Wall -fstack-usage -fcyclomatic-complexity -MMD -MP -MF"Drivers/STM32F4xx_HAL_Driver/Src/stm32f4xx_hal_flash.d" -MT"Drivers/STM32F4xx_HAL_Driver/Src/stm32f4xx_hal_flash.o" --specs=nano.specs -mfpu=fpv4-sp-d16 -mfloat-abi=hard -mthumb -o "Drivers/STM32F4xx_HAL_Driver/Src/stm32f4xx_hal_flash.o"
arm-none-eabi-gcc "../Drivers/STM32F4xx_HAL_Driver/Src/stm32f4xx_hal_flash_ex.c" -mcpu=cortex-m4 -std=gnu11 -g3 -DDEBUG -DUSE_HAL_DRIVER -DSTM32F446xx -c -I../Core/Inc -I../Drivers/STM32F4xx_HAL_Driver/Inc -I../Drivers/STM32F4xx_HAL_Driver/Inc/Legacy -I../Drivers/CMSIS/Device/ST/STM32F4xx/Include -I../Drivers/CMSIS/Include -O0 -ffunction-sections -fdata-sections -Wall -fstack-usage -fcyclomatic-complexity -MMD -MP -MF"Drivers/STM32F4xx_HAL_Driver/Src/stm32f4xx_hal_flash_ex.d" -MT"Drivers/STM32F4xx_HAL_Driver/Src/stm32f4xx_hal_flash_ex.o" --specs=nano.specs -mfpu=fpv4-sp-d16 -mfloat-abi=hard -mthumb -o "Drivers/STM32F4xx_HAL_Driver/Src/stm32f4xx_hal_flash_ex.o"
arm-none-eabi-gcc "../Drivers/STM32F4xx_HAL_Driver/Src/stm32f4xx_hal_flash_ramfunc.c" -mcpu=cortex-m4 -std=gnu11 -g3 -DDEBUG -DUSE_HAL_DRIVER -DSTM32F446xx -c -I../Core/Inc -I../Drivers/STM32F4xx_HAL_Driver/Inc -I../Drivers/STM32F4xx_HAL_Driver/Inc/Legacy -I../Drivers/CMSIS/Device/ST/STM32F4xx/Include -I../Drivers/CMSIS/Include -O0 -ffunction-sections -fdata-sections -Wall -fstack-usage -fcyclomatic-complexity -MMD -MP -MF"Drivers/STM32F4xx_HAL_Driver/Src/stm32f4xx_hal_flash_ramfunc.d" -MT"Drivers/STM32F4xx_HAL_Driver/Src/stm32f4xx_hal_flash_ramfunc.o" --specs=nano.specs -mfpu=fpv4-sp-d16 -mfloat-abi=hard -mthumb -o "Drivers/STM32F4xx_HAL_Driver/Src/stm32f4xx_hal_flash_ramfunc.o"
arm-none-eabi-gcc "../Drivers/STM32F4xx_HAL_Driver/Src/stm32f4xx_hal_gpio.c" -mcpu=cortex-m4 -std=gnu11 -g3 -DDEBUG -DUSE_HAL_DRIVER -DSTM32F446xx -c -I../Core/Inc -I../Drivers/STM32F4xx_HAL_Driver/Inc -I../Drivers/STM32F4xx_HAL_Driver/Inc/Legacy -I../Drivers/CMSIS/Device/ST/STM32F4xx/Include -I../Drivers/CMSIS/Include -O0 -ffunction-sections -fdata-sections -Wall -fstack-usage -fcyclomatic-complexity -MMD -MP -MF"Drivers/STM32F4xx_HAL_Driver/Src/stm32f4xx_hal_gpio.d" -MT"Drivers/STM32F4xx_HAL_Driver/Src/stm32f4xx_hal_gpio.o" --specs=nano.specs -mfpu=fpv4-sp-d16 -mfloat-abi=hard -mthumb -o "Drivers/STM32F4xx_HAL_Driver/Src/stm32f4xx_hal_gpio.o"
arm-none-eabi-gcc "../Drivers/STM32F4xx_HAL_Driver/Src/stm32f4xx_hal_pwr.c" -mcpu=cortex-m4 -std=gnu11 -g3 -DDEBUG -DUSE_HAL_DRIVER -DSTM32F446xx -c -I../Core/Inc -I../Drivers/STM32F4xx_HAL_Driver/Inc -I../Drivers/STM32F4xx_HAL_Driver/Inc/Legacy -I../Drivers/CMSIS/Device/ST/STM32F4xx/Include -I../Drivers/CMSIS/Include -O0 -ffunction-sections -fdata-sections -Wall -fstack-usage -fcyclomatic-complexity -MMD -MP -MF"Drivers/STM32F4xx_HAL_Driver/Src/stm32f4xx_hal_pwr.d" -MT"Drivers/STM32F4xx_HAL_Driver/Src/stm32f4xx_hal_pwr.o" --specs=nano.specs -mfpu=fpv4-sp-d16 -mfloat-abi=hard -mthumb -o "Drivers/STM32F4xx_HAL_Driver/Src/stm32f4xx_hal_pwr.o"
arm-none-eabi-gcc "../Drivers/STM32F4xx_HAL_Driver/Src/stm32f4xx_hal_pwr_ex.c" -mcpu=cortex-m4 -std=gnu11 -g3 -DDEBUG -DUSE_HAL_DRIVER -DSTM32F446xx -c -I../Core/Inc -I../Drivers/STM32F4xx_HAL_Driver/Inc -I../Drivers/STM32F4xx_HAL_Driver/Inc/Legacy -I../Drivers/CMSIS/Device/ST/STM32F4xx/Include -I../Drivers/CMSIS/Include -O0 -ffunction-sections -fdata-sections -Wall -fstack-usage -fcyclomatic-complexity -MMD -MP -MF"Drivers/STM32F4xx_HAL_Driver/Src/stm32f4xx_hal_pwr_ex.d" -MT"Drivers/STM32F4xx_HAL_Driver/Src/stm32f4xx_hal_pwr_ex.o" --specs=nano.specs -mfpu=fpv4-sp-d16 -mfloat-abi=hard -mthumb -o "Drivers/STM32F4xx_HAL_Driver/Src/stm32f4xx_hal_pwr_ex.o"
arm-none-eabi-gcc "../Drivers/STM32F4xx_HAL_Driver/Src/stm32f4xx_hal_rcc.c" -mcpu=cortex-m4 -std=gnu11 -g3 -DDEBUG -DUSE_HAL_DRIVER -DSTM32F446xx -c -I../Core/Inc -I../Drivers/STM32F4xx_HAL_Driver/Inc -I../Drivers/STM32F4xx_HAL_Driver/Inc/Legacy -I../Drivers/CMSIS/Device/ST/STM32F4xx/Include -I../Drivers/CMSIS/Include -O0 -ffunction-sections -fdata-sections -Wall -fstack-usage -fcyclomatic-complexity -MMD -MP -MF"Drivers/STM32F4xx_HAL_Driver/Src/stm32f4xx_hal_rcc.d" -MT"Drivers/STM32F4xx_HAL_Driver/Src/stm32f4xx_hal_rcc.o" --specs=nano.specs -mfpu=fpv4-sp-d16 -mfloat-abi=hard -mthumb -o "Drivers/STM32F4xx_HAL_Driver/Src/stm32f4xx_hal_rcc.o"
arm-none-eabi-gcc "../Drivers/STM32F4xx_HAL_Driver/Src/stm32f4xx_hal_rcc_ex.c" -mcpu=cortex-m4 -std=gnu11 -g3 -DDEBUG -DUSE_HAL_DRIVER -DSTM32F446xx -c -I../Core/Inc -I../Drivers/STM32F4xx_HAL_Driver/Inc -I../Drivers/STM32F4xx_HAL_Driver/Inc/Legacy -I../Drivers/CMSIS/Device/ST/STM32F4xx/Include -I../Drivers/CMSIS/Include -O0 -ffunction-sections -fdata-sections -Wall -fstack-usage -fcyclomatic-complexity -MMD -MP -MF"Drivers/STM32F4xx_HAL_Driver/Src/stm32f4xx_hal_rcc_ex.d" -MT"Drivers/STM32F4xx_HAL_Driver/Src/stm32f4xx_hal_rcc_ex.o" --specs=nano.specs -mfpu=fpv4-sp-d16 -mfloat-abi=hard -mthumb -o "Drivers/STM32F4xx_HAL_Driver/Src/stm32f4xx_hal_rcc_ex.o"
arm-none-eabi-gcc "../Drivers/STM32F4xx_HAL_Driver/Src/stm32f4xx_hal_uart.c" -mcpu=cortex-m4 -std=gnu11 -g3 -DDEBUG -DUSE_HAL_DRIVER -DSTM32F446xx -c -I../Core/Inc -I../Drivers/STM32F4xx_HAL_Driver/Inc -I../Drivers/STM32F4xx_HAL_Driver/Inc/Legacy -I../Drivers/CMSIS/Device/ST/STM32F4xx/Include -I../Drivers/CMSIS/Include -O0 -ffunction-sections -fdata-sections -Wall -fstack-usage -fcyclomatic-complexity -MMD -MP -MF"Drivers/STM32F4xx_HAL_Driver/Src/stm32f4xx_hal_uart.d" -MT"Drivers/STM32F4xx_HAL_Driver/Src/stm32f4xx_hal_uart.o" --specs=nano.specs -mfpu=fpv4-sp-d16 -mfloat-abi=hard -mthumb -o "Drivers/STM32F4xx_HAL_Driver/Src/stm32f4xx_hal_uart.o"
arm-none-eabi-gcc -mcpu=cortex-m4 -g3 -DDEBUG -c -x assembler-with-cpp -MMD -MP -MF"Core/Startup/startup_stm32f446retx.d" -MT"Core/Startup/startup_stm32f446retx.o" --specs=nano.specs -mfpu=fpv4-sp-d16 -mfloat-abi=hard -mthumb -o "Core/Startup/startup_stm32f446retx.o" "../Core/Startup/startup_stm32f446retx.s"
arm-none-eabi-gcc "../Core/Src/main.c" -mcpu=cortex-m4 -std=gnu11 -g3 -DDEBUG -DUSE_HAL_DRIVER -DSTM32F446xx -c -I../Core/Inc -I../Drivers/STM32F4xx_HAL_Driver/Inc -I../Drivers/STM32F4xx_HAL_Driver/Inc/Legacy -I../Drivers/CMSIS/Device/ST/STM32F4xx/Include -I../Drivers/CMSIS/Include -O0 -ffunction-sections -fdata-sections -Wall -fstack-usage -fcyclomatic-complexity -MMD -MP -MF"Core/Src/main.d" -MT"Core/Src/main.o" --specs=nano.specs -mfpu=fpv4-sp-d16 -mfloat-abi=hard -mthumb -o "Core/Src/main.o"
arm-none-eabi-gcc "../Core/Src/stm32f4xx_hal_msp.c" -mcpu=cortex-m4 -std=gnu11 -g3 -DDEBUG -DUSE_HAL_DRIVER -DSTM32F446xx -c -I../Core/Inc -I../Drivers/STM32F4xx_HAL_Driver/Inc -I../Drivers/STM32F4xx_HAL_Driver/Inc/Legacy -I../Drivers/CMSIS/Device/ST/STM32F4xx/Include -I../Drivers/CMSIS/Include -O0 -ffunction-sections -fdata-sections -Wall -fstack-usage -fcyclomatic-complexity -MMD -MP -MF"Core/Src/stm32f4xx_hal_msp.d" -MT"Core/Src/stm32f4xx_hal_msp.o" --specs=nano.specs -mfpu=fpv4-sp-d16 -mfloat-abi=hard -mthumb -o "Core/Src/stm32f4xx_hal_msp.o"
arm-none-eabi-gcc "../Core/Src/stm32f4xx_it.c" -mcpu=cortex-m4 -std=gnu11 -g3 -DDEBUG -DUSE_HAL_DRIVER -DSTM32F446xx -c -I../Core/Inc -I../Drivers/STM32F4xx_HAL_Driver/Inc -I../Drivers/STM32F4xx_HAL_Driver/Inc/Legacy -I../Drivers/CMSIS/Device/ST/STM32F4xx/Include -I../Drivers/CMSIS/Include -O0 -ffunction-sections -fdata-sections -Wall -fstack-usage -fcyclomatic-complexity -MMD -MP -MF"Core/Src/stm32f4xx_it.d" -MT"Core/Src/stm32f4xx_it.o" --specs=nano.specs -mfpu=fpv4-sp-d16 -mfloat-abi=hard -mthumb -o "Core/Src/stm32f4xx_it.o"
arm-none-eabi-gcc "../Core/Src/syscalls.c" -mcpu=cortex-m4 -std=gnu11 -g3 -DDEBUG -DUSE_HAL_DRIVER -DSTM32F446xx -c -I../Core/Inc -I../Drivers/STM32F4xx_HAL_Driver/Inc -I../Drivers/STM32F4xx_HAL_Driver/Inc/Legacy -I../Drivers/CMSIS/Device/ST/STM32F4xx/Include -I../Drivers/CMSIS/Include -O0 -ffunction-sections -fdata-sections -Wall -fstack-usage -fcyclomatic-complexity -MMD -MP -MF"Core/Src/syscalls.d" -MT"Core/Src/syscalls.o" --specs=nano.specs -mfpu=fpv4-sp-d16 -mfloat-abi=hard -mthumb -o "Core/Src/syscalls.o"
arm-none-eabi-gcc "../Core/Src/sysmem.c" -mcpu=cortex-m4 -std=gnu11 -g3 -DDEBUG -DUSE_HAL_DRIVER -DSTM32F446xx -c -I../Core/Inc -I../Drivers/STM32F4xx_HAL_Driver/Inc -I../Drivers/STM32F4xx_HAL_Driver/Inc/Legacy -I../Drivers/CMSIS/Device/ST/STM32F4xx/Include -I../Drivers/CMSIS/Include -O0 -ffunction-sections -fdata-sections -Wall -fstack-usage -fcyclomatic-complexity -MMD -MP -MF"Core/Src/sysmem.d" -MT"Core/Src/sysmem.o" --specs=nano.specs -mfpu=fpv4-sp-d16 -mfloat-abi=hard -mthumb -o "Core/Src/sysmem.o"
arm-none-eabi-gcc "../Core/Src/system_stm32f4xx.c" -mcpu=cortex-m4 -std=gnu11 -g3 -DDEBUG -DUSE_HAL_DRIVER -DSTM32F446xx -c -I../Core/Inc -I../Drivers/STM32F4xx_HAL_Driver/Inc -I../Drivers/STM32F4xx_HAL_Driver/Inc/Legacy -I../Drivers/CMSIS/Device/ST/STM32F4xx/Include -I../Drivers/CMSIS/Include -O0 -ffunction-sections -fdata-sections -Wall -fstack-usage -fcyclomatic-complexity -MMD -MP -MF"Core/Src/system_stm32f4xx.d" -MT"Core/Src/system_stm32f4xx.o" --specs=nano.specs -mfpu=fpv4-sp-d16 -mfloat-abi=hard -mthumb -o "Core/Src/system_stm32f4xx.o"
arm-none-eabi-gcc -o "UART_Echo.elf" @"objects.list"   -mcpu=cortex-m4 -T"/Users/onepaperhoon/linux-kernel-study/02-kernel-drivers/week6-rpi-stm32/day1-uart/stm32/UART_Echo/STM32F446RETX_FLASH.ld" --specs=nosys.specs -Wl,-Map="UART_Echo.map" -Wl,--gc-sections -static --specs=nano.specs -mfpu=fpv4-sp-d16 -mfloat-abi=hard -mthumb -Wl,--start-group -lc -lm -Wl,--end-group
Finished building target: UART_Echo.elf
 
arm-none-eabi-size  UART_Echo.elf 
arm-none-eabi-objdump -h -S UART_Echo.elf  > "UART_Echo.list"
   text	   data	    bss	    dec	    hex	filename
  14208	     92	   2236	  16536	   4098	UART_Echo.elf
Finished building: default.size.stdout
 
Finished building: UART_Echo.list
 
17:53:22 **** Incremental Build of configuration Debug for project UART_Echo ****
make -j7 all 
arm-none-eabi-size  UART_Echo.elf 
   text	   data	    bss	    dec	    hex	filename
  14208	     92	   2236	  16536	   4098	UART_Echo.elf
Finished building: default.size.stdout
 
17:53:25 **** Incremental Build of configuration Release for project UART_Echo ****
make -j7 all 
arm-none-eabi-size  UART_Echo.elf 
   text	   data	    bss	    dec	    hex	filename
   8812	     92	   2236	  11140	   2b84	UART_Echo.elf
Finished building: default.size.stdout
 
