18:16:16 **** Incremental Build of configuration Release for project UART_Echo ****
make -j7 all 
arm-none-eabi-gcc "../Core/Src/main.c" -mcpu=cortex-m4 -std=gnu11 -DUSE_HAL_DRIVER -DSTM32F446xx -c -I../Core/Inc -I../Drivers/STM32F4xx_HAL_Driver/Inc -I../Drivers/STM32F4xx_HAL_Driver/Inc/Legacy -I../Drivers/CMSIS/Device/ST/STM32F4xx/Include -I../Drivers/CMSIS/Include -Os -ffunction-sections -fdata-sections -Wall -fstack-usage -fcyclomatic-complexity -MMD -MP -MF"Core/Src/main.d" -MT"Core/Src/main.o" --specs=nano.specs -mfpu=fpv4-sp-d16 -mfloat-abi=hard -mthumb -o "Core/Src/main.o"
arm-none-eabi-gcc -o "UART_Echo.elf" @"objects.list"   -mcpu=cortex-m4 -T"/Users/onepaperhoon/linux-kernel-study/02-kernel-drivers/week6-rpi-stm32/day1-uart/stm32/UART_Echo/STM32F446RETX_FLASH.ld" --specs=nosys.specs -Wl,-Map="UART_Echo.map" -Wl,--gc-sections -static --specs=nano.specs -mfpu=fpv4-sp-d16 -mfloat-abi=hard -mthumb -Wl,--start-group -lc -lm -Wl,--end-group
Finished building target: UART_Echo.elf
 
arm-none-eabi-size  UART_Echo.elf 
arm-none-eabi-objdump -h -S UART_Echo.elf  > "UART_Echo.list"
   text	   data	    bss	    dec	    hex	filename
   8812	     92	   2236	  11140	   2b84	UART_Echo.elf
Finished building: default.size.stdout
 
Finished building: UART_Echo.list
 

18:16:16 Build Finished. 0 errors, 0 warnings. (took 423ms)

