20:26:06 **** Incremental Build of configuration Debug for project protocol-led ****
make -j7 all 
arm-none-eabi-gcc "../Core/Src/main.c" -mcpu=cortex-m4 -std=gnu11 -g3 -DDEBUG -DUSE_HAL_DRIVER -DSTM32F446xx -c -I../Core/Inc -I../Drivers/STM32F4xx_HAL_Driver/Inc -I../Drivers/STM32F4xx_HAL_Driver/Inc/Legacy -I../Drivers/CMSIS/Device/ST/STM32F4xx/Include -I../Drivers/CMSIS/Include -O0 -ffunction-sections -fdata-sections -Wall -fstack-usage -fcyclomatic-complexity -MMD -MP -MF"Core/Src/main.d" -MT"Core/Src/main.o" --specs=nano.specs -mfpu=fpv4-sp-d16 -mfloat-abi=hard -mthumb -o "Core/Src/main.o"
arm-none-eabi-gcc -o "protocol-led.elf" @"objects.list"   -mcpu=cortex-m4 -T"/Users/onepaperhoon/linux-kernel-study/02-kernel-drivers/week6-rpi-stm32/day2-protocol-led/stm32/protocol-led/STM32F446RETX_FLASH.ld" --specs=nosys.specs -Wl,-Map="protocol-led.map" -Wl,--gc-sections -static --specs=nano.specs -mfpu=fpv4-sp-d16 -mfloat-abi=hard -mthumb -Wl,--start-group -lc -lm -Wl,--end-group
Finished building target: protocol-led.elf
 
arm-none-eabi-size  protocol-led.elf 
arm-none-eabi-objdump -h -S protocol-led.elf  > "protocol-led.list"
   text	   data	    bss	    dec	    hex	filename
  12152	     12	   1660	  13824	   3600	protocol-led.elf
Finished building: default.size.stdout
 
Finished building: protocol-led.list
 
20:26:18 **** Incremental Build of configuration Debug for project protocol-led ****
make -j7 all 
arm-none-eabi-size  protocol-led.elf 
   text	   data	    bss	    dec	    hex	filename
  12152	     12	   1660	  13824	   3600	protocol-led.elf
Finished building: default.size.stdout
 
20:30:13 **** Incremental Build of configuration Debug for project protocol-led ****
make -j7 all 
arm-none-eabi-size  protocol-led.elf 
   text	   data	    bss	    dec	    hex	filename
  12152	     12	   1660	  13824	   3600	protocol-led.elf
Finished building: default.size.stdout
 
20:30:29 **** Incremental Build of configuration Debug for project protocol-led ****
make -j7 all 
arm-none-eabi-size  protocol-led.elf 
   text	   data	    bss	    dec	    hex	filename
  12152	     12	   1660	  13824	   3600	protocol-led.elf
Finished building: default.size.stdout
 
20:30:40 **** Incremental Build of configuration Debug for project protocol-led ****
make -j7 all 
arm-none-eabi-size  protocol-led.elf 
   text	   data	    bss	    dec	    hex	filename
  12152	     12	   1660	  13824	   3600	protocol-led.elf
Finished building: default.size.stdout
 
